ALSA lib confmisc.c:855:(parse_card) cannot find card '0'
ALSA lib conf.c:5208:(_snd_config_evaluate) function snd_func_card_inum returned error: No such file or directory
ALSA lib confmisc.c:422:(snd_func_concat) error evaluating strings
ALSA lib conf.c:5208:(_snd_config_evaluate) function snd_func_concat returned error: No such file or directory
ALSA lib confmisc.c:1342:(snd_func_refer) error evaluating name
ALSA lib conf.c:5208:(_snd_config_evaluate) function snd_func_refer returned error: No such file or directory
ALSA lib conf.c:5731:(snd_config_expand) Evaluate error: No such file or directory
ALSA lib pcm.c:2721:(snd_pcm_open_noupdate) Unknown PCM default
warn: KyoshinEewViewer.Services.SoundPlayerService[0]
      Bass の初期化に失敗しました。 LastError:Driver
info: KyoshinEewViewer.Series.Qzss.Services.SerialConnector[0]
      /tmp/kevi_app をオープンしました
info: KyoshinEewViewer.Services.TelegramProvideService[0]
      Publisher DmdataRedundantTelegramPublisher を初期化しました（優先度: 1）
info: KyoshinEewViewer.Services.TimerService[0]
      初回の時刻同期･メインタイマーを開始します。
info: KyoshinEewViewer.Services.TimerService[0]
      メインタイマーを開始しました。
info: KyoshinEewViewer.Services.TelegramProvideService[0]
      Publisher JmaXmlTelegramPublisher を初期化しました（優先度: 2）
warn: KyoshinEewViewer.Series.Qzss.Services.SerialConnector[0]
      Serial Error
      System.TimeoutException: The operation has timed out.
         at System.IO.Ports.SerialStream.Read(Byte[] array, Int32 offset, Int32 count, Int32 timeout)
         at System.IO.Ports.SerialStream.Read(Byte[] array, Int32 offset, Int32 count)
         at System.IO.Ports.SerialPort.Read(Byte[] buffer, Int32 offset, Int32 count)
         at KyoshinEewViewer.Series.Qzss.Services.SerialConnector.Receive() in /home/runner/work/KyoshinEewViewerIngen/KyoshinEewViewerIngen/src/KyoshinEewViewer/Series/Qzss/Services/SerialConnector.cs:line 92
info: KyoshinEewViewer.Series.Qzss.Services.SerialConnector[0]
      /tmp/kevi_app をオープンしました
warn: KyoshinEewViewer.Series.Qzss.Services.SerialConnector[0]
      Serial Error
      System.TimeoutException: The operation has timed out.
         at System.IO.Ports.SerialStream.Read(Byte[] array, Int32 offset, Int32 count, Int32 timeout)
         at System.IO.Ports.SerialStream.Read(Byte[] array, Int32 offset, Int32 count)
         at System.IO.Ports.SerialPort.Read(Byte[] buffer, Int32 offset, Int32 count)
         at KyoshinEewViewer.Series.Qzss.Services.SerialConnector.Receive() in /home/runner/work/KyoshinEewViewerIngen/KyoshinEewViewerIngen/src/KyoshinEewViewer/Series/Qzss/Services/SerialConnector.cs:line 92
info: KyoshinEewViewer.Series.Qzss.Services.SerialConnector[0]
      /tmp/kevi_app をオープンしました
warn: KyoshinEewViewer.Series.Qzss.Services.SerialConnector[0]
      Serial Error
      System.TimeoutException: The operation has timed out.
         at System.IO.Ports.SerialStream.Read(Byte[] array, Int32 offset, Int32 count, Int32 timeout)
         at System.IO.Ports.SerialStream.Read(Byte[] array, Int32 offset, Int32 count)
         at System.IO.Ports.SerialPort.Read(Byte[] buffer, Int32 offset, Int32 count)
         at KyoshinEewViewer.Series.Qzss.Services.SerialConnector.Receive() in /home/runner/work/KyoshinEewViewerIngen/KyoshinEewViewerIngen/src/KyoshinEewViewer/Series/Qzss/Services/SerialConnector.cs:line 92
info: KyoshinEewViewer.Series.Qzss.Services.SerialConnector[0]
      /tmp/kevi_app をオープンしました
warn: KyoshinEewViewer.Series.Qzss.Services.SerialConnector[0]
      Serial Error
      System.TimeoutException: The operation has timed out.
         at System.IO.Ports.SerialStream.Read(Byte[] array, Int32 offset, Int32 count, Int32 timeout)
         at System.IO.Ports.SerialStream.Read(Byte[] array, Int32 offset, Int32 count)
         at System.IO.Ports.SerialPort.Read(Byte[] buffer, Int32 offset, Int32 count)
         at KyoshinEewViewer.Series.Qzss.Services.SerialConnector.Receive() in /home/runner/work/KyoshinEewViewerIngen/KyoshinEewViewerIngen/src/KyoshinEewViewer/Series/Qzss/Services/SerialConnector.cs:line 92
info: KyoshinEewViewer.Series.Qzss.Services.SerialConnector[0]
      /tmp/kevi_app をオープンしました
warn: KyoshinEewViewer.Series.Qzss.Services.SerialConnector[0]
      Serial Error
      System.TimeoutException: The operation has timed out.
         at System.IO.Ports.SerialStream.Read(Byte[] array, Int32 offset, Int32 count, Int32 timeout)
         at System.IO.Ports.SerialStream.Read(Byte[] array, Int32 offset, Int32 count)
         at System.IO.Ports.SerialPort.Read(Byte[] buffer, Int32 offset, Int32 count)
         at KyoshinEewViewer.Series.Qzss.Services.SerialConnector.Receive() in /home/runner/work/KyoshinEewViewerIngen/KyoshinEewViewerIngen/src/KyoshinEewViewer/Series/Qzss/Services/SerialConnector.cs:line 92
info: KyoshinEewViewer.Series.Qzss.Services.SerialConnector[0]
      /tmp/kevi_app をオープンしました
